実行ディレクトリ : /work/my_research/step3/results/phase1_20260615_054928
デバイス         : cuda
Phase            : 1 (SM ベース訓練、A-2 静止)
encoder freeze   : 有効（飯塚モデルから転送）
A-2 行動         : 静止 (om = zeros(2))
マスク戦略       : step==0 のみ p_mask=0.0、以降 p_mask=0.99 (元論文 exp1 準拠)
Q_SCALE          : 50.0
LR_NEW           : 0.0001
EPISODES         : 1000
MAX_STEPS        : 100

パラメータ数:
  frozen (encoder)  : 189,984
  trainable (SM 等) : 267,955
学習方式         : BPTT (エピソード全体で loss 累積、1回 backward)

=== Phase 1 学習開始 ===

Episode    50/1000 | Loss=1.59639 | Φs_L2=9.4602
Episode   100/1000 | Loss=0.97409 | Φs_L2=9.4617
Episode   150/1000 | Loss=0.70651 | Φs_L2=9.4658
Episode   200/1000 | Loss=0.60878 | Φs_L2=9.4708
Episode   250/1000 | Loss=0.58411 | Φs_L2=9.4781
Episode   300/1000 | Loss=0.53866 | Φs_L2=9.4873
Episode   350/1000 | Loss=0.51396 | Φs_L2=9.4983
Episode   400/1000 | Loss=0.48913 | Φs_L2=9.5163
Episode   450/1000 | Loss=0.48913 | Φs_L2=9.5312
Episode   500/1000 | Loss=0.48518 | Φs_L2=9.5505
Episode   550/1000 | Loss=0.44967 | Φs_L2=9.5755
Episode   600/1000 | Loss=0.46624 | Φs_L2=9.6143
Episode   650/1000 | Loss=0.46679 | Φs_L2=9.6355
Episode   700/1000 | Loss=0.40583 | Φs_L2=9.6633
Episode   750/1000 | Loss=0.46949 | Φs_L2=9.6825
Episode   800/1000 | Loss=0.41106 | Φs_L2=9.6997
Episode   850/1000 | Loss=0.40673 | Φs_L2=9.7209
Episode   900/1000 | Loss=0.43688 | Φs_L2=9.7339
Episode   950/1000 | Loss=0.42892 | Φs_L2=9.7440
Episode  1000/1000 | Loss=0.43822 | Φs_L2=9.7533

学習完了。保存: /work/my_research/step3/results/phase1_20260615_054928/model_phase1.pth
最終平均Loss : 0.438224
