1, 25.899318
2, 40.744081
3, 39.900982
4, 42.000021
5, 38.850215
6, 38.827130
7, 42.349365
8, 38.549285
9, 39.734111
10, 53.352373
11, 53.894319
12, 55.131732
13, 62.124287
14, 63.927233
15, 62.231931
16, 63.927948
17, 69.354801
18, 72.227653
19, 51.231929
20, 48.547097
21, 46.122117
22, 47.371615
23, 47.900168
24, 55.081101
25, 56.813899
26, 55.513728
27, 54.266674
28, 56.914141
29, 59.644644
30, 57.914657
31, 58.452334
32, 59.859188
33, 60.356969
34, 63.634509
35, 68.374407
36, 69.211590
37, 69.198315
38, 67.176981
39, 67.914321
40, 65.650332
41, 68.550176
42, 66.526538
43, 66.750879
44, 62.663123
45, 65.828050
46, 63.307809
47, 66.466675
48, 69.589378
49, 70.330888
50, 63.528145
51, 71.860615
52, 68.217650
53, 56.228859
54, 58.218353
55, 61.052568
56, 61.051450
57, 58.442184
58, 56.285188
59, 53.584431
60, 49.167278
61, 48.676625
62, 50.051688
63, 51.535637
64, 52.339325
65, 52.339114
66, 52.835888
67, 53.195862
68, 53.310724
69, 52.987614
70, 53.032846
71, 53.257106
72, 52.947111
73, 52.642981
74, 53.353256
75, 53.366029
76, 53.417118
77, 53.724698
78, 53.568276
79, 53.375320
80, 53.162097
81, 52.719021
82, 51.717490
83, 52.929727
84, 52.785488
85, 52.385015
86, 52.421925
87, 52.009115
88, 52.122842
89, 52.005728
90, 51.533265
91, 50.972487
92, 57.496316
93, 58.090837
94, 59.955765
95, 60.046562
96, 57.104916
97, 59.325305
98, 59.652688
99, 59.833902
100, 55.969244
101, 48.490027
102, 52.707671
103, 57.236002
104, 56.341735
105, 55.812493
106, 52.343115
107, 51.465319
108, 51.692964
109, 54.890857
110, 62.020419
111, 60.158120
112, 58.967167
113, 58.428805
114, 59.802712
115, 58.412179
116, 57.212022
117, 58.417499
118, 59.107803
119, 59.003071
120, 61.506610
121, 61.231754
122, 62.497512
123, 62.334855
124, 60.036381
125, 59.409936
126, 59.510829
127, 58.408912
128, 58.430167
129, 65.303209
130, 66.161126
131, 66.437692
132, 66.422884
133, 64.519332
134, 60.729883
135, 57.442113
136, 54.148531
137, 55.798071
138, 56.574352
139, 57.194644
140, 56.328412
141, 54.023373
142, 51.947387
143, 50.868156
144, 50.910575
145, 50.928948
146, 49.001443
147, 48.930102
148, 49.184561
149, 48.781784
150, 48.220599
151, 47.871758
152, 53.777164
153, 52.107530
154, 49.322687
155, 49.375598
156, 47.773543
157, 46.945245
158, 46.770539
159, 53.440046
160, 47.576539
161, 47.602958
162, 46.052266
163, 45.859933
164, 45.368483
165, 50.820354
166, 54.916367
167, 55.717052
168, 58.130618
169, 57.573097
170, 56.949213
171, 56.037706
172, 53.142418
173, 57.269711
174, 57.023321
175, 56.347251
176, 56.227044
177, 55.939959
178, 54.170968
179, 55.650423
180, 53.692824
181, 49.452846
182, 50.857233
183, 52.602574
184, 53.643142
185, 57.258596
186, 59.559604
187, 56.200151
188, 55.492926
189, 53.271618
190, 55.857970
191, 56.099826
192, 55.045030
193, 53.573511
194, 51.787218
195, 52.304275
196, 53.742246
197, 54.701144
198, 55.346817
199, 55.219143
200, 53.736463
201, 51.434724
202, 43.542685
203, 44.335809
204, 44.398699
205, 43.851980
206, 46.025257
207, 53.922139
208, 50.057533
209, 53.025641
210, 55.914132
211, 58.945938
212, 58.279155
213, 57.521155
214, 56.895550
215, 55.967015
216, 53.750176
217, 53.902245
218, 49.766392
219, 54.209774
220, 55.213597
221, 55.012642
222, 52.865054
223, 53.534543
224, 53.684021
225, 54.475445
226, 51.080969
227, 49.337113
228, 50.301578
229, 50.220607
230, 48.740691
231, 47.203842
232, 47.309259
233, 45.593418
234, 46.735494
235, 45.604433
236, 45.812338
237, 45.042648
238, 44.010957
239, 43.387142
240, 42.943556
241, 42.909876
242, 41.936087
243, 41.622001
244, 41.271108
245, 40.987574
246, 42.088092
247, 41.400797
248, 40.946544
249, 40.717238
250, 40.400668
251, 40.026118
252, 40.569944
253, 40.031596
254, 40.166274
255, 39.600121
256, 39.136573
257, 39.372091
258, 39.184217
259, 39.347498
260, 38.449833
261, 39.000821
262, 38.005842
263, 37.654473
264, 37.548243
265, 37.459814
266, 36.987913
267, 37.799558
268, 38.243014
269, 37.513090
270, 37.016444
271, 36.910048
272, 36.922847
273, 36.783324
274, 36.180274
275, 36.339612
276, 36.887602
277, 36.468315
278, 36.317038
279, 36.485373
280, 36.358417
281, 36.179844
282, 35.712220
283, 36.273714
284, 35.901335
285, 35.443420
286, 35.536375
287, 35.162738
288, 35.708426
289, 35.810280
290, 35.455713
291, 34.912817
292, 35.074901
293, 35.109563
294, 35.162754
295, 34.883010
296, 35.096116
297, 34.618897
298, 34.833162
299, 34.841882
300, 35.109652
301, 35.217963
302, 34.491033
303, 33.687388
304, 34.014443
305, 34.479346
306, 34.530602
307, 33.932048
308, 33.980680
309, 34.692762
310, 34.196102
311, 33.973061
312, 34.240912
313, 34.148150
314, 34.211698
315, 34.007514
316, 33.904626
317, 33.418646
318, 33.096104
319, 33.400755
320, 33.327953
321, 33.088020
322, 33.725842
323, 33.270871
324, 33.343837
325, 32.801644
326, 33.270351
327, 33.206184
328, 33.884723
329, 33.622418
330, 33.336568
331, 32.973170
332, 33.249253
333, 33.204185
334, 33.113070
335, 33.089812
336, 32.948247
337, 32.947212
338, 32.740551
339, 33.073145
340, 32.412389
341, 33.084831
342, 32.695795
343, 32.856530
344, 32.414612
345, 32.087626
346, 33.126835
347, 33.182431
348, 32.109704
349, 32.340814
350, 32.279126
351, 31.996698
352, 32.856144
353, 32.561230
354, 32.938646
355, 32.536278
356, 32.297649
357, 32.268519
358, 32.380506
359, 31.423485
360, 31.246112
361, 31.601464
362, 31.338613
363, 32.243414
364, 31.901435
365, 32.199481
366, 32.252003
367, 32.002324
368, 31.654478
369, 32.217744
370, 31.405449
371, 31.407522
372, 31.610132
373, 31.500622
374, 31.705527
375, 31.035508
376, 31.156703
377, 31.044016
378, 31.070936
379, 31.110620
380, 30.764770
381, 31.483443
382, 31.640146
383, 30.493758
384, 30.962325
385, 30.996949
386, 31.097288
387, 30.837327
388, 31.147183
389, 30.869956
390, 30.985678
391, 30.640016
392, 30.488966
393, 31.137892
394, 30.570929
395, 30.117503
396, 29.775386
397, 29.870257
398, 30.039944
399, 30.061336
400, 30.295703
