1, 17.805304
2, 17.818624
3, 18.155739
4, 17.333072
5, 16.152890
6, 15.688570
7, 15.703592
8, 15.595974
9, 15.449773
10, 15.633877
11, 15.859909
12, 15.675332
13, 15.743429
14, 15.535557
15, 15.653737
16, 15.707189
17, 15.640801
18, 15.831477
19, 15.746924
20, 16.581960
21, 16.325219
22, 16.111268
23, 15.994527
24, 16.058999
25, 16.081993
26, 15.984363
27, 16.077986
28, 16.066145
29, 16.204618
30, 16.267858
31, 16.135968
32, 16.318707
33, 16.337852
34, 16.333946
35, 16.368124
36, 16.395273
37, 16.296154
38, 16.154964
39, 16.103336
40, 16.063588
41, 15.877510
42, 15.780864
43, 15.565468
44, 15.377607
45, 15.211910
46, 15.006367
47, 15.924143
48, 15.526620
49, 16.048729
50, 15.348363
51, 15.391816
52, 15.584369
53, 15.465403
54, 15.551477
55, 15.493206
56, 15.439924
57, 15.296984
58, 14.972893
59, 15.271110
60, 15.110647
61, 14.725297
62, 14.379846
63, 14.348315
64, 14.134899
65, 13.884947
66, 13.839556
67, 13.739002
68, 13.656700
69, 13.657303
70, 13.535459
71, 13.563998
72, 13.557948
73, 13.401172
74, 13.512871
75, 13.489605
76, 13.266459
77, 13.168923
78, 13.269198
79, 13.088580
80, 13.050874
81, 13.049044
82, 13.105490
83, 13.121038
84, 12.967756
85, 13.321177
86, 13.172378
87, 13.088617
88, 13.195970
89, 13.286172
90, 13.481811
91, 13.645817
92, 13.503775
93, 13.215964
94, 13.082109
95, 13.109632
96, 13.150292
97, 13.277565
98, 13.303939
99, 13.341553
100, 13.181771
101, 12.995104
102, 13.155082
103, 13.336849
104, 13.330120
105, 13.174371
106, 13.076010
107, 13.092728
108, 13.110966
109, 13.333504
110, 13.317057
111, 13.270204
112, 13.233848
113, 13.403317
114, 13.158491
115, 13.052931
116, 13.024773
117, 13.096898
118, 13.020263
119, 13.100290
120, 13.161581
121, 13.159302
122, 13.252651
123, 13.303454
124, 13.420020
125, 13.244852
126, 13.162958
127, 13.254421
128, 13.253136
129, 13.449085
130, 13.252108
131, 13.232526
132, 13.233483
133, 13.198024
134, 13.185069
135, 13.204773
136, 13.192832
137, 13.213584
138, 13.301800
139, 13.230683
140, 13.849952
141, 13.633072
142, 13.232900
143, 13.355349
144, 13.333026
145, 13.218024
146, 13.628086
147, 13.654815
148, 13.460954
149, 13.414075
150, 13.257284
151, 13.244140
152, 13.354651
153, 13.349649
154, 13.307285
155, 13.485843
156, 13.355087
157, 13.495531
158, 13.237789
159, 13.407962
160, 13.295287
161, 13.450346
162, 13.422315
163, 13.351918
164, 13.374397
165, 13.443130
166, 13.381175
167, 13.225429
168, 13.275461
169, 13.323868
170, 13.357889
171, 13.376172
172, 13.267700
173, 13.209374
174, 13.191778
175, 13.170716
176, 13.128365
177, 13.121163
178, 13.135683
179, 13.229978
180, 13.220874
181, 13.262573
182, 13.346546
183, 13.365282
184, 13.358676
185, 13.468562
186, 13.491825
187, 13.367094
188, 13.314055
189, 13.212774
190, 13.417295
191, 13.463733
192, 13.469994
193, 13.412596
194, 13.295025
195, 13.265406
196, 13.356329
197, 13.287836
198, 13.319476
199, 13.326839
200, 13.198590
201, 13.298310
202, 13.473478
203, 13.581486
204, 13.390683
205, 13.283530
206, 13.348966
207, 13.472314
208, 13.389753
209, 13.296279
210, 13.288453
211, 13.425237
212, 13.388140
213, 13.300480
214, 13.305165
215, 13.263815
216, 13.293550
217, 13.301933
218, 14.113830
219, 13.668187
220, 13.668854
221, 13.590851
222, 13.497991
223, 13.492733
224, 13.398458
225, 13.723717
226, 13.441863
227, 13.461130
228, 13.418981
229, 13.470110
230, 13.430261
231, 13.247787
232, 13.161279
233, 13.187619
234, 13.215814
235, 13.152427
236, 13.183236
237, 13.274063
238, 13.236065
239, 13.297889
240, 13.267586
241, 13.245081
242, 13.282213
243, 13.254736
244, 13.181636
245, 13.231109
246, 13.434037
247, 13.353047
248, 13.296712
249, 13.322250
250, 13.275741
251, 13.357390
252, 13.312768
253, 13.268141
254, 13.207613
255, 13.204658
256, 13.228886
257, 13.208188
258, 13.303020
259, 13.229847
260, 13.180980
261, 13.242379
262, 13.171805
263, 13.176656
264, 13.200471
265, 13.269588
266, 13.333172
267, 13.421295
268, 13.516502
269, 13.353955
270, 13.351823
271, 13.303581
272, 13.095120
273, 13.124830
274, 13.232237
275, 13.364556
276, 13.358015
277, 13.228955
278, 13.350159
279, 13.281708
280, 13.333604
281, 13.237875
282, 13.277985
283, 13.203007
284, 13.164481
285, 13.161679
286, 13.205760
287, 13.113670
288, 13.201090
289, 13.236399
290, 13.180474
291, 13.143365
292, 13.152151
293, 13.190134
294, 13.207057
295, 13.267425
296, 13.229439
297, 13.222585
298, 13.232295
299, 13.167455
300, 13.258886
301, 13.360516
302, 13.375717
303, 13.287796
304, 13.136087
305, 13.164133
306, 13.171822
307, 13.268557
308, 13.195906
309, 13.292883
310, 13.045144
311, 13.074153
312, 13.195250
313, 13.156083
314, 13.233826
315, 13.286524
316, 13.260832
317, 13.082961
318, 13.153912
319, 13.169197
320, 13.143648
321, 13.139040
322, 13.185430
323, 13.083427
324, 13.081203
325, 13.191844
326, 13.065341
327, 13.199030
328, 13.128376
329, 13.168303
330, 13.187404
331, 13.190846
332, 13.112577
333, 13.094289
334, 13.427142
335, 13.009214
336, 13.123544
337, 13.143451
338, 13.134980
339, 13.277207
340, 13.218806
341, 13.203808
342, 13.141641
343, 13.245352
344, 13.104672
345, 13.040908
346, 13.517245
347, 13.523060
348, 13.227586
349, 13.199015
350, 13.197530
351, 13.184798
352, 13.225574
353, 13.250914
354, 13.271605
355, 13.173142
356, 13.100306
357, 13.274294
358, 13.234066
359, 13.264440
360, 13.180630
361, 13.170283
362, 13.023466
363, 13.265844
364, 13.214713
365, 13.167112
366, 13.206443
367, 13.072434
368, 13.099065
369, 13.131853
370, 13.092561
371, 13.166872
372, 13.254291
373, 13.135225
374, 13.162800
375, 13.126472
376, 13.198414
377, 13.278265
378, 13.142785
379, 13.218206
380, 13.119914
381, 13.097551
382, 13.137611
383, 13.180549
384, 13.070335
385, 13.076522
386, 13.122267
387, 13.088410
388, 13.160961
389, 13.173319
390, 13.195009
391, 13.127933
392, 13.151158
393, 13.169975
394, 13.214642
395, 13.295723
396, 13.259014
397, 13.304586
398, 13.151388
399, 13.248933
400, 13.204495
