1, 24.798565
2, 22.545831
3, 21.601013
4, 20.977768
5, 20.560753
6, 20.376148
7, 20.385867
8, 20.225435
9, 20.147403
10, 20.281920
11, 20.123522
12, 19.970841
13, 19.822948
14, 19.756196
15, 19.753588
16, 19.721443
17, 19.626622
18, 19.608221
19, 20.526469
20, 20.090484
21, 19.962855
22, 19.751445
23, 19.692857
24, 19.600627
25, 19.494701
26, 19.434700
27, 19.450392
28, 19.416519
29, 19.410978
30, 19.399427
31, 19.401822
32, 19.350177
33, 19.313814
34, 19.355067
35, 19.281452
36, 19.282380
37, 19.351622
38, 19.235449
39, 19.217191
40, 19.181574
41, 19.174597
42, 19.147491
43, 19.149890
44, 19.129700
45, 19.062269
46, 19.095896
47, 19.228453
48, 19.107291
49, 19.126411
50, 19.295802
51, 19.128989
52, 19.072367
53, 19.158294
54, 19.066825
55, 19.057724
56, 19.048575
57, 18.971794
58, 19.207503
59, 19.894740
60, 19.713315
61, 19.518851
62, 19.422297
63, 19.347399
64, 19.278876
65, 19.233408
66, 19.191110
67, 19.203901
68, 19.196188
69, 19.107505
70, 19.083227
71, 19.068976
72, 19.051129
73, 19.078313
74, 19.061252
75, 19.002350
76, 18.975225
77, 18.988899
78, 18.974365
79, 18.954199
80, 18.954261
81, 18.898482
82, 18.947702
83, 18.871914
84, 18.879001
85, 18.927982
86, 18.852066
87, 18.758476
88, 18.832663
89, 18.774906
90, 18.998399
91, 18.846406
92, 18.949354
93, 18.745801
94, 18.724149
95, 18.690390
96, 18.713246
97, 18.780854
98, 18.642645
99, 18.662867
100, 18.675244
101, 18.786813
102, 18.741901
103, 18.700029
104, 18.577432
105, 18.539036
106, 18.594420
107, 18.618212
108, 18.590802
109, 18.834770
110, 18.673268
111, 18.468000
112, 18.423364
113, 18.539831
114, 18.414114
115, 18.368944
116, 18.394537
117, 18.401412
118, 18.335981
119, 18.371401
120, 18.461825
121, 18.652106
122, 18.447208
123, 18.404747
124, 18.560289
125, 18.357556
126, 18.346801
127, 18.328583
128, 18.279460
129, 18.522371
130, 18.511962
131, 18.505313
132, 18.459057
133, 18.398576
134, 18.278203
135, 18.370834
136, 18.326934
137, 18.334520
138, 18.296422
139, 18.337425
140, 19.071387
141, 18.562460
142, 18.496481
143, 18.446355
144, 18.339934
145, 18.304719
146, 18.728052
147, 18.464290
148, 18.403180
149, 18.349806
150, 18.333483
151, 18.541960
152, 18.401072
153, 18.298759
154, 18.388625
155, 18.422280
156, 18.378166
157, 18.322103
158, 18.316117
159, 18.397107
160, 18.470444
161, 18.567589
162, 18.371071
163, 18.312943
164, 18.270074
165, 18.388112
166, 18.277676
167, 18.216365
168, 18.221369
169, 18.246722
170, 18.170918
171, 18.258491
172, 18.197316
173, 18.278125
174, 18.123127
175, 18.115864
176, 18.185150
177, 18.076335
178, 18.184530
179, 18.093545
180, 18.251297
181, 18.560842
182, 18.349169
183, 18.225010
184, 18.137282
185, 18.109514
186, 18.123747
187, 18.143358
188, 18.053253
189, 18.137942
190, 18.186384
191, 18.095501
192, 18.114363
193, 18.094425
194, 18.032271
195, 18.016678
196, 18.058331
197, 18.099463
198, 17.968050
199, 17.936351
200, 17.973826
201, 18.180961
202, 18.610596
203, 18.283050
204, 18.100060
205, 18.050005
206, 18.091980
207, 18.127745
208, 18.003604
209, 17.981679
210, 18.077161
211, 18.332324
212, 18.148624
213, 18.149781
214, 18.010037
215, 18.016268
216, 17.900140
217, 18.209113
218, 19.389123
219, 18.386066
220, 18.330353
221, 18.200977
222, 18.126615
223, 18.153885
224, 18.030791
225, 18.130719
226, 18.141594
227, 18.012793
228, 18.004288
229, 18.056678
230, 18.250775
231, 17.918126
232, 17.905204
233, 17.901533
234, 17.851318
235, 17.772722
236, 17.759532
237, 17.701071
238, 17.600908
239, 17.546938
240, 17.541023
241, 17.496775
242, 17.578308
243, 17.556761
244, 17.448825
245, 17.430977
246, 17.455064
247, 17.437054
248, 17.400433
249, 17.386497
250, 17.387886
251, 17.397744
252, 17.355637
253, 17.363923
254, 17.355041
255, 17.363186
256, 17.347428
257, 17.356969
258, 17.326076
259, 17.279326
260, 17.262715
261, 17.255702
262, 17.233558
263, 17.246581
264, 17.243500
265, 17.173000
266, 17.256083
267, 17.168211
268, 17.307537
269, 17.156531
270, 17.137660
271, 17.131586
272, 17.163932
273, 17.153919
274, 17.137815
275, 17.159558
276, 17.099037
277, 17.064698
278, 17.160380
279, 17.098238
280, 17.274193
281, 17.089947
282, 17.232274
283, 17.082280
284, 17.038564
285, 17.014081
286, 17.017378
287, 17.013791
288, 17.084915
289, 17.073021
290, 17.040110
291, 16.969933
292, 16.969188
293, 16.964500
294, 16.965897
295, 16.919448
296, 16.945153
297, 16.950581
298, 16.990444
299, 16.929222
300, 16.991002
301, 16.993881
302, 16.952549
303, 16.879918
304, 16.878738
305, 16.889364
306, 16.893890
307, 16.862709
308, 16.850005
309, 16.906020
310, 16.796980
311, 16.821214
312, 16.863587
313, 16.895572
314, 16.838252
315, 16.778673
316, 16.791744
317, 16.770842
318, 16.806953
319, 16.837275
320, 16.796228
321, 16.797558
322, 16.776454
323, 16.804255
324, 16.772410
325, 16.709639
326, 16.734377
327, 16.715165
328, 16.735338
329, 16.744762
330, 16.771341
331, 16.701245
332, 16.714866
333, 16.763448
334, 17.169152
335, 16.779528
336, 16.742735
337, 16.670015
338, 16.683865
339, 16.722217
340, 16.697730
341, 16.671113
342, 16.626741
343, 16.616560
344, 16.666666
345, 16.598509
346, 16.979420
347, 16.850630
348, 16.653857
349, 16.662990
350, 16.633487
351, 16.623648
352, 16.869492
353, 16.626283
354, 16.637417
355, 16.609002
356, 16.590466
357, 16.590186
358, 16.593984
359, 16.567519
360, 16.529180
361, 16.524852
362, 16.572465
363, 16.790374
364, 16.565150
365, 16.579729
366, 16.533885
367, 16.523218
368, 16.514824
369, 16.607459
370, 16.483498
371, 16.478498
372, 16.531440
373, 16.501291
374, 16.526020
375, 16.511947
376, 16.531343
377, 16.452059
378, 16.429616
379, 16.481494
380, 16.444786
381, 16.510638
382, 16.572580
383, 16.441081
384, 16.427102
385, 16.396652
386, 16.431860
387, 16.425149
388, 16.449477
389, 16.453457
390, 16.455009
391, 16.448029
392, 16.403714
393, 16.379581
394, 16.386100
395, 16.457395
396, 16.370692
397, 16.427519
398, 16.392970
399, 16.390043
400, 16.464070
