1, 37.286239
2, 43.251250
3, 46.893231
4, 45.503151
5, 44.675101
6, 44.198716
7, 43.730400
8, 43.415850
9, 43.126651
10, 42.563014
11, 42.164205
12, 41.777416
13, 41.460847
14, 41.579894
15, 41.670458
16, 41.483314
17, 41.691407
18, 41.491457
19, 41.670165
20, 41.796121
21, 41.905732
22, 42.019427
23, 41.933059
24, 42.091741
25, 41.709431
26, 41.776432
27, 41.913162
28, 42.407495
29, 42.347736
30, 42.316132
31, 42.217654
32, 42.343616
33, 42.317722
34, 42.467752
35, 42.041408
36, 42.431113
37, 42.213214
38, 44.035224
39, 42.569411
40, 42.379490
41, 42.554197
42, 42.376117
43, 42.713951
44, 42.674324
45, 42.710534
46, 42.692001
47, 42.595576
48, 42.405263
49, 42.501395
50, 42.759304
51, 42.880865
52, 42.637428
53, 42.496375
54, 42.733996
55, 42.999285
56, 42.866024
57, 42.957029
58, 43.094079
59, 42.846652
60, 43.069457
61, 43.275695
62, 42.734565
63, 43.132514
64, 43.115009
65, 43.395486
66, 43.459606
67, 43.476603
68, 43.538983
69, 43.262403
70, 43.701492
71, 43.753094
72, 43.697372
73, 43.809982
74, 43.941289
75, 43.940752
76, 43.851105
77, 44.109004
78, 44.321055
79, 44.178194
80, 43.973653
81, 43.996357
82, 44.326692
83, 43.988503
84, 44.060435
85, 44.101251
86, 44.557823
87, 44.723745
88, 45.054169
89, 44.933333
90, 45.022089
91, 44.643294
92, 44.585578
93, 44.656363
94, 45.032045
95, 45.370749
96, 45.195283
97, 44.987299
98, 45.263792
99, 45.345274
100, 45.225635
101, 45.396276
102, 45.481127
103, 45.635442
104, 44.951868
105, 45.563467
106, 45.352843
107, 45.143215
108, 45.166095
109, 45.243794
110, 45.366002
111, 45.603590
112, 45.812760
113, 45.571362
114, 45.526767
115, 45.619861
116, 45.846324
117, 45.791638
118, 46.128061
119, 46.132265
120, 45.785570
121, 46.041152
122, 46.207810
123, 46.304969
124, 46.287370
125, 46.205401
126, 46.326311
127, 46.556462
128, 46.356402
129, 46.414450
130, 46.489710
131, 46.549088
132, 45.986988
133, 46.561004
134, 46.462990
135, 46.595475
136, 46.802584
137, 46.620324
138, 46.852465
139, 46.662243
140, 46.918677
141, 46.582658
142, 46.504425
143, 46.775178
144, 46.438030
145, 46.195556
146, 46.586540
147, 46.808958
148, 46.733697
149, 46.681692
150, 46.843201
151, 46.962280
152, 46.990293
153, 47.103972
154, 46.683344
155, 46.862881
156, 46.829779
157, 46.656548
158, 46.694763
159, 47.742470
160, 48.576016
161, 49.394878
162, 50.732493
163, 51.185540
164, 51.889716
165, 52.143300
166, 52.148503
167, 52.180802
168, 48.804380
169, 43.670256
170, 40.394358
171, 37.726925
172, 36.760146
173, 37.714129
174, 39.608888
175, 37.777643
176, 37.848267
177, 37.398641
178, 34.349950
179, 32.958619
180, 34.394372
181, 31.577662
182, 30.395385
183, 30.038706
184, 28.502818
185, 26.112746
186, 24.162753
187, 23.806333
188, 22.788271
189, 22.637339
190, 23.279271
191, 20.765176
192, 23.204239
193, 20.429690
194, 26.538496
195, 32.540550
196, 23.762625
197, 21.125911
198, 21.915064
199, 20.349662
200, 20.820822
