1, 22.615945
2, 23.661547
3, 23.117782
4, 23.340476
5, 22.799553
6, 22.231356
7, 21.322404
8, 20.851355
9, 20.410271
10, 20.422035
11, 20.258010
12, 20.645490
13, 20.143088
14, 20.439955
15, 20.451471
16, 20.221724
17, 20.187970
18, 20.140718
19, 19.678084
20, 19.736287
21, 19.996895
22, 20.400029
23, 20.277311
24, 20.088084
25, 20.107679
26, 20.400083
27, 20.295337
28, 20.079423
29, 20.211291
30, 20.053504
31, 20.117550
32, 20.168552
33, 19.941699
34, 19.955108
35, 19.785901
36, 19.728016
37, 20.122931
38, 23.325970
39, 23.534455
40, 22.628312
41, 21.800121
42, 21.098345
43, 20.703647
44, 20.583965
45, 20.360169
46, 20.090254
47, 19.671446
48, 19.686227
49, 19.829669
50, 19.954862
51, 19.893705
52, 19.623350
53, 19.744191
54, 19.861916
55, 19.965757
56, 19.632184
57, 19.348028
58, 19.561616
59, 19.580401
60, 19.504514
61, 19.562550
62, 19.630861
63, 19.577619
64, 19.352753
65, 19.484140
66, 19.376559
67, 19.486458
68, 19.652635
69, 19.272708
70, 19.321494
71, 19.340441
72, 19.335345
73, 19.217418
74, 19.463470
75, 19.352400
76, 19.421664
77, 19.308310
78, 19.159058
79, 19.263173
80, 19.354791
81, 19.706849
82, 19.336243
83, 19.359250
84, 19.539730
85, 19.422291
86, 19.361880
87, 19.428668
88, 19.250954
89, 19.429407
90, 18.903338
91, 19.058350
92, 19.146255
93, 19.247359
94, 19.320409
95, 18.826917
96, 18.959903
97, 18.766774
98, 18.855491
99, 18.811777
100, 18.997373
101, 19.179383
102, 18.945520
103, 18.797652
104, 18.786594
105, 18.696881
106, 18.903629
107, 18.803646
108, 18.828709
109, 18.764985
110, 18.843148
111, 18.521529
112, 18.278936
113, 18.735003
114, 18.567804
115, 18.599025
116, 18.502401
117, 18.741224
118, 18.687939
119, 18.439703
120, 18.908969
121, 18.655704
122, 18.567847
123, 18.691175
124, 18.561819
125, 18.574811
126, 18.425698
127, 18.673551
128, 18.761157
129, 18.777716
130, 18.604939
131, 18.750613
132, 18.803576
133, 18.460705
134, 18.404097
135, 18.514252
136, 18.537308
137, 18.701965
138, 18.488949
139, 18.651445
140, 18.585151
141, 18.842093
142, 18.815239
143, 18.596357
144, 18.658014
145, 18.567362
146, 18.596124
147, 18.464474
148, 18.644181
149, 18.345784
150, 18.528290
151, 18.361632
152, 18.260939
153, 18.570348
154, 18.600768
155, 18.628009
156, 18.327013
157, 18.389034
158, 18.156381
159, 17.915384
160, 18.379042
161, 18.643741
162, 18.604712
163, 19.360222
164, 19.064007
165, 19.020285
166, 19.054933
167, 18.233039
168, 17.198206
169, 17.324795
170, 16.146445
171, 15.482868
172, 14.913858
173, 14.565894
174, 14.407748
175, 14.140808
176, 13.920811
177, 13.741003
178, 13.611484
179, 13.607276
180, 13.496385
181, 13.516801
182, 13.463055
183, 13.419266
184, 13.336048
185, 13.275217
186, 13.313484
187, 13.180213
188, 13.320087
189, 13.171374
190, 13.218960
191, 13.259950
192, 13.211443
193, 13.049342
194, 15.561040
195, 17.038994
196, 14.981953
197, 14.351607
198, 13.961910
199, 13.539549
200, 13.456215
