1, 20.609901
2, 18.294459
3, 17.734741
4, 17.345542
5, 17.062884
6, 16.842232
7, 16.658576
8, 16.535288
9, 16.426763
10, 16.336104
11, 16.246644
12, 16.191681
13, 16.104010
14, 16.056065
15, 15.996539
16, 15.946901
17, 15.892944
18, 15.850427
19, 15.805432
20, 15.772404
21, 15.725232
22, 15.689131
23, 15.638609
24, 15.606508
25, 15.573488
26, 15.569153
27, 15.537140
28, 15.511920
29, 15.489147
30, 15.461332
31, 15.447747
32, 15.424938
33, 15.418836
34, 15.401069
35, 15.385390
36, 15.358608
37, 15.330226
38, 16.485253
39, 15.867441
40, 15.682737
41, 15.558196
42, 15.492913
43, 15.439348
44, 15.396320
45, 15.359434
46, 15.345628
47, 15.321933
48, 15.311125
49, 15.280106
50, 15.269611
51, 15.259503
52, 15.241172
53, 15.228277
54, 15.202419
55, 15.200179
56, 15.189351
57, 15.181117
58, 15.190293
59, 15.168279
60, 15.146745
61, 15.134993
62, 15.130142
63, 15.137095
64, 15.126492
65, 15.112735
66, 15.076462
67, 15.105526
68, 15.077803
69, 15.059723
70, 15.054110
71, 15.029534
72, 15.053432
73, 15.022675
74, 15.058080
75, 14.998484
76, 14.993666
77, 15.064404
78, 14.982901
79, 14.961606
80, 14.948301
81, 14.967835
82, 14.942988
83, 14.950039
84, 14.957386
85, 14.918349
86, 14.916367
87, 14.902966
88, 14.883835
89, 14.894134
90, 14.903207
91, 14.878046
92, 14.870536
93, 14.859254
94, 14.847201
95, 14.848123
96, 14.883131
97, 14.862705
98, 14.828458
99, 14.809667
100, 14.813089
101, 14.815993
102, 14.847837
103, 14.790721
104, 14.798091
105, 14.807534
106, 14.818116
107, 14.804855
108, 14.793934
109, 14.773847
110, 14.797968
111, 14.784913
112, 14.811330
113, 14.766005
114, 14.746882
115, 14.747472
116, 14.740615
117, 14.737981
118, 14.735072
119, 14.746925
120, 14.709696
121, 14.730420
122, 14.724596
123, 14.707591
124, 14.698388
125, 14.700284
126, 14.711553
127, 14.759413
128, 14.688389
129, 14.730977
130, 14.686685
131, 14.680296
132, 14.687744
133, 14.673243
134, 14.724055
135, 14.700769
136, 14.692032
137, 14.708176
138, 14.660978
139, 14.656567
140, 14.668346
141, 14.661549
142, 14.704995
143, 14.668667
144, 14.637618
145, 14.673412
146, 14.636190
147, 14.667524
148, 14.646508
149, 14.621396
150, 14.633462
151, 14.741880
152, 14.637250
153, 14.665046
154, 14.594984
155, 14.634248
156, 14.634221
157, 14.601818
158, 14.602943
159, 15.050675
160, 14.772413
161, 14.680714
162, 14.623077
163, 14.933894
164, 14.790479
165, 14.581443
166, 14.506346
167, 13.422222
168, 12.451498
169, 13.005756
170, 12.376386
171, 12.034839
172, 11.929630
173, 11.879157
174, 11.813825
175, 11.751602
176, 11.712656
177, 11.652450
178, 11.628402
179, 11.599598
180, 11.594494
181, 11.539324
182, 11.508316
183, 11.501050
184, 11.426833
185, 11.417018
186, 11.390840
187, 11.447117
188, 11.409031
189, 11.321231
190, 11.295701
191, 11.278859
192, 11.311134
193, 11.255627
194, 13.989316
195, 14.498065
196, 12.343203
197, 11.636885
198, 11.377416
199, 11.298426
200, 11.257735
