モデル読み込み: my_research/step3/results/phase2_single_pref_20260618_104752/model_best.pth
  読み込み完了

データ収集中 (4 選好 × 50 ep × 80 steps)...
  Red: 50 ep 完了
  Green: 50 ep 完了
  Blue: 50 ep 完了
  Cyan: 50 ep 完了

合計サンプル数: 16000

=== 検証 1: MG 相関 (Pearson r) ===
  r_x (x 方向): 0.1995  (p=2.45e-143)
  r_y (y 方向): 0.1943  (p=6.00e-136)
  r_mean      : 0.1969  [FAIL < 0.87]

=== 検証 2: h² PCA 選好分離 ===
  h² PCA 寄与率: PC1=0.690, PC2=0.218, 合計=0.907
  選好分離スコア (between/total): 0.2699

=== 検証 3: h² 線形分類精度 ===
  Logistic Regression 精度: 0.6115  (chance=0.25)

保存: my_research/step3/results/phase2_single_pref_20260618_104752/visualize_phase2.png

=== Phase 2 検証サマリ ===
  MG r_x  = 0.1995
  MG r_y  = 0.1943
  MG mean = 0.1969  [FAIL]
  h² clf acc = 0.6115  [OK]
  sep score  = 0.2699
