1, 25.899318
2, 40.744081
3, 39.900982
4, 42.000021
5, 38.850215
6, 38.827130
7, 42.349365
8, 38.549285
9, 39.734111
10, 53.352373
11, 53.894319
12, 55.131732
13, 62.124287
14, 63.927233
15, 62.231931
16, 63.927948
17, 69.354801
18, 72.227653
19, 51.231929
20, 48.547097
21, 46.122117
22, 47.371615
23, 47.900168
24, 55.081101
25, 56.813899
26, 55.513728
27, 54.266674
28, 56.914141
29, 59.644644
30, 57.914657
31, 58.452334
32, 59.859188
33, 60.356969
34, 63.634509
35, 68.374407
36, 69.211590
37, 69.198315
38, 67.176981
39, 67.914321
40, 65.650332
41, 68.550176
42, 66.526538
43, 66.750879
44, 62.663123
45, 65.828050
46, 63.307809
47, 66.466675
48, 69.589378
49, 70.330888
50, 63.528145
51, 71.860615
52, 68.217650
53, 56.228859
54, 58.218353
55, 61.052568
56, 61.051450
57, 58.442184
58, 56.285188
59, 53.584431
60, 49.167278
61, 48.676625
62, 50.051688
63, 51.535637
64, 52.339325
65, 52.339114
66, 52.835888
67, 53.195862
68, 53.310724
69, 52.987614
70, 53.032846
71, 53.257106
72, 52.947111
73, 52.642981
74, 53.353256
75, 53.366029
76, 53.417118
77, 53.724698
78, 53.568276
79, 53.375320
80, 53.162097
81, 52.719021
82, 51.717490
83, 52.929727
84, 52.785488
85, 52.385015
86, 52.421925
87, 52.009115
88, 52.122842
89, 52.005728
90, 51.533265
91, 50.972487
92, 57.496316
93, 58.090837
94, 59.955765
95, 60.046562
96, 57.104916
97, 59.325305
98, 59.652688
99, 59.833902
100, 55.969244
101, 48.490027
102, 52.707671
103, 57.236002
104, 56.341735
105, 55.812493
106, 52.343115
107, 51.465319
108, 51.692964
109, 54.890857
110, 62.020419
111, 60.158120
112, 58.967167
113, 58.428805
114, 59.802712
115, 58.412179
116, 57.212022
117, 58.417499
118, 59.107803
119, 59.003071
120, 61.506610
121, 61.231754
122, 62.497512
123, 62.334855
124, 60.036381
125, 59.409936
126, 59.510829
127, 58.408912
128, 58.430167
129, 65.303209
130, 66.161126
131, 66.437692
132, 66.422884
133, 64.519332
134, 60.729883
135, 57.442113
136, 54.148531
137, 55.798071
138, 56.574352
139, 57.194644
140, 56.328412
141, 54.023373
142, 51.947387
143, 50.868156
144, 50.910575
145, 50.928948
146, 49.001443
147, 48.930102
148, 49.184561
149, 48.781784
150, 48.220599
151, 47.871758
152, 53.777164
153, 52.107530
154, 49.322687
155, 49.375598
156, 47.773543
157, 46.945245
158, 46.770539
159, 53.440046
160, 47.576539
161, 47.602958
162, 46.052266
163, 45.859933
164, 45.368483
165, 50.820354
166, 54.916367
167, 55.717052
168, 58.130618
169, 57.573097
170, 56.949213
171, 56.037706
172, 53.142418
173, 57.269711
174, 57.023321
175, 56.347251
176, 56.227044
177, 55.939959
178, 54.170968
179, 55.650423
180, 53.692824
181, 49.452846
182, 50.857233
183, 52.602574
184, 53.643142
185, 57.258596
186, 59.559604
187, 56.200151
188, 55.492926
189, 53.271618
190, 55.857970
191, 56.099826
192, 55.045030
193, 53.573511
194, 51.787218
195, 52.304275
196, 53.742246
197, 54.701144
198, 55.346817
199, 55.219143
200, 53.736463
