1, 17.805304
2, 17.818624
3, 18.155739
4, 17.333072
5, 16.152890
6, 15.688570
7, 15.703592
8, 15.595974
9, 15.449773
10, 15.633877
11, 15.859909
12, 15.675332
13, 15.743429
14, 15.535557
15, 15.653737
16, 15.707189
17, 15.640801
18, 15.831477
19, 15.746924
20, 16.581960
21, 16.325219
22, 16.111268
23, 15.994527
24, 16.058999
25, 16.081993
26, 15.984363
27, 16.077986
28, 16.066145
29, 16.204618
30, 16.267858
31, 16.135968
32, 16.318707
33, 16.337852
34, 16.333946
35, 16.368124
36, 16.395273
37, 16.296154
38, 16.154964
39, 16.103336
40, 16.063588
41, 15.877510
42, 15.780864
43, 15.565468
44, 15.377607
45, 15.211910
46, 15.006367
47, 15.924143
48, 15.526620
49, 16.048729
50, 15.348363
51, 15.391816
52, 15.584369
53, 15.465403
54, 15.551477
55, 15.493206
56, 15.439924
57, 15.296984
58, 14.972893
59, 15.271110
60, 15.110647
61, 14.725297
62, 14.379846
63, 14.348315
64, 14.134899
65, 13.884947
66, 13.839556
67, 13.739002
68, 13.656700
69, 13.657303
70, 13.535459
71, 13.563998
72, 13.557948
73, 13.401172
74, 13.512871
75, 13.489605
76, 13.266459
77, 13.168923
78, 13.269198
79, 13.088580
80, 13.050874
81, 13.049044
82, 13.105490
83, 13.121038
84, 12.967756
85, 13.321177
86, 13.172378
87, 13.088617
88, 13.195970
89, 13.286172
90, 13.481811
91, 13.645817
92, 13.503775
93, 13.215964
94, 13.082109
95, 13.109632
96, 13.150292
97, 13.277565
98, 13.303939
99, 13.341553
100, 13.181771
101, 12.995104
102, 13.155082
103, 13.336849
104, 13.330120
105, 13.174371
106, 13.076010
107, 13.092728
108, 13.110966
109, 13.333504
110, 13.317057
111, 13.270204
112, 13.233848
113, 13.403317
114, 13.158491
115, 13.052931
116, 13.024773
117, 13.096898
118, 13.020263
119, 13.100290
120, 13.161581
121, 13.159302
122, 13.252651
123, 13.303454
124, 13.420020
125, 13.244852
126, 13.162958
127, 13.254421
128, 13.253136
129, 13.449085
130, 13.252108
131, 13.232526
132, 13.233483
133, 13.198024
134, 13.185069
135, 13.204773
136, 13.192832
137, 13.213584
138, 13.301800
139, 13.230683
140, 13.849952
141, 13.633072
142, 13.232900
143, 13.355349
144, 13.333026
145, 13.218024
146, 13.628086
147, 13.654815
148, 13.460954
149, 13.414075
150, 13.257284
151, 13.244140
152, 13.354651
153, 13.349649
154, 13.307285
155, 13.485843
156, 13.355087
157, 13.495531
158, 13.237789
159, 13.407962
160, 13.295287
161, 13.450346
162, 13.422315
163, 13.351918
164, 13.374397
165, 13.443130
166, 13.381175
167, 13.225429
168, 13.275461
169, 13.323868
170, 13.357889
171, 13.376172
172, 13.267700
173, 13.209374
174, 13.191778
175, 13.170716
176, 13.128365
177, 13.121163
178, 13.135683
179, 13.229978
180, 13.220874
181, 13.262573
182, 13.346546
183, 13.365282
184, 13.358676
185, 13.468562
186, 13.491825
187, 13.367094
188, 13.314055
189, 13.212774
190, 13.417295
191, 13.463733
192, 13.469994
193, 13.412596
194, 13.295025
195, 13.265406
196, 13.356329
197, 13.287836
198, 13.319476
199, 13.326839
200, 13.198590
