1, 24.798565
2, 22.545831
3, 21.601013
4, 20.977768
5, 20.560753
6, 20.376148
7, 20.385867
8, 20.225435
9, 20.147403
10, 20.281920
11, 20.123522
12, 19.970841
13, 19.822948
14, 19.756196
15, 19.753588
16, 19.721443
17, 19.626622
18, 19.608221
19, 20.526469
20, 20.090484
21, 19.962855
22, 19.751445
23, 19.692857
24, 19.600627
25, 19.494701
26, 19.434700
27, 19.450392
28, 19.416519
29, 19.410978
30, 19.399427
31, 19.401822
32, 19.350177
33, 19.313814
34, 19.355067
35, 19.281452
36, 19.282380
37, 19.351622
38, 19.235449
39, 19.217191
40, 19.181574
41, 19.174597
42, 19.147491
43, 19.149890
44, 19.129700
45, 19.062269
46, 19.095896
47, 19.228453
48, 19.107291
49, 19.126411
50, 19.295802
51, 19.128989
52, 19.072367
53, 19.158294
54, 19.066825
55, 19.057724
56, 19.048575
57, 18.971794
58, 19.207503
59, 19.894740
60, 19.713315
61, 19.518851
62, 19.422297
63, 19.347399
64, 19.278876
65, 19.233408
66, 19.191110
67, 19.203901
68, 19.196188
69, 19.107505
70, 19.083227
71, 19.068976
72, 19.051129
73, 19.078313
74, 19.061252
75, 19.002350
76, 18.975225
77, 18.988899
78, 18.974365
79, 18.954199
80, 18.954261
81, 18.898482
82, 18.947702
83, 18.871914
84, 18.879001
85, 18.927982
86, 18.852066
87, 18.758476
88, 18.832663
89, 18.774906
90, 18.998399
91, 18.846406
92, 18.949354
93, 18.745801
94, 18.724149
95, 18.690390
96, 18.713246
97, 18.780854
98, 18.642645
99, 18.662867
100, 18.675244
101, 18.786813
102, 18.741901
103, 18.700029
104, 18.577432
105, 18.539036
106, 18.594420
107, 18.618212
108, 18.590802
109, 18.834770
110, 18.673268
111, 18.468000
112, 18.423364
113, 18.539831
114, 18.414114
115, 18.368944
116, 18.394537
117, 18.401412
118, 18.335981
119, 18.371401
120, 18.461825
121, 18.652106
122, 18.447208
123, 18.404747
124, 18.560289
125, 18.357556
126, 18.346801
127, 18.328583
128, 18.279460
129, 18.522371
130, 18.511962
131, 18.505313
132, 18.459057
133, 18.398576
134, 18.278203
135, 18.370834
136, 18.326934
137, 18.334520
138, 18.296422
139, 18.337425
140, 19.071387
141, 18.562460
142, 18.496481
143, 18.446355
144, 18.339934
145, 18.304719
146, 18.728052
147, 18.464290
148, 18.403180
149, 18.349806
150, 18.333483
151, 18.541960
152, 18.401072
153, 18.298759
154, 18.388625
155, 18.422280
156, 18.378166
157, 18.322103
158, 18.316117
159, 18.397107
160, 18.470444
161, 18.567589
162, 18.371071
163, 18.312943
164, 18.270074
165, 18.388112
166, 18.277676
167, 18.216365
168, 18.221369
169, 18.246722
170, 18.170918
171, 18.258491
172, 18.197316
173, 18.278125
174, 18.123127
175, 18.115864
176, 18.185150
177, 18.076335
178, 18.184530
179, 18.093545
180, 18.251297
181, 18.560842
182, 18.349169
183, 18.225010
184, 18.137282
185, 18.109514
186, 18.123747
187, 18.143358
188, 18.053253
189, 18.137942
190, 18.186384
191, 18.095501
192, 18.114363
193, 18.094425
194, 18.032271
195, 18.016678
196, 18.058331
197, 18.099463
198, 17.968050
199, 17.936351
200, 17.973826
