モデル: my_research/step3/results/phase2_offline_20260616_052720/model_best.pth

データ収集中 (4 選好 × 80 ep × 80 steps)...
  Red: 80 ep 完了
  Green: 80 ep 完了
  Blue: 80 ep 完了
  Cyan: 80 ep 完了

=== 解析 1: 時刻ごとの選好分類精度 ===
  step |     h² |    pos | om_pred | h²-pos
     0 | 0.2604 | 0.3021 | 0.2708  | -0.0417
     5 | 0.3646 | 0.6458 | 0.4271  | -0.2813
    10 | 0.4479 | 0.8958 | 0.4583  | -0.4479
    20 | 0.6042 | 1.0000 | 0.5000  | -0.3958
    40 | 0.6458 | 1.0000 | 0.4896  | -0.3542
    60 | 0.6562 | 1.0000 | 0.5208  | -0.3438
    79 | 0.7083 | 1.0000 | 0.5208  | -0.2917
  chance: 0.2500
  h²  max: 0.7083 at step 79
  pos max: 1.0000 at step 14

=== 解析 2: 混同行列 ===
  全体精度: 0.6388  (chance=0.25)
  混同行列 (行=true, 列=pred):
    Red  : [1074  505  312   41]
    Green: [ 364 1168  283   49]
    Blue : [551 441 907  17]
    Cyan : [  97   30   84 1757]

  PCA 寄与率: PC1=0.843, PC2=0.094

  MG r_x=0.3541  r_y=0.2740  mean=0.3140

保存: my_research/step3/results/phase2_offline_20260616_052720/phase3.png

=== Phase 3 サマリ ===
  MG r_mean          : 0.3140
  h² acc (全)        : 0.6388  (chance=0.25)
  h²  acc peak       : 0.7083  (step 79)
  pos acc peak       : 1.0000  (step 14)
  om_pred acc peak   : 0.5312  (step 31)

  h² vs pos advantage (step 5):  -0.2813
  h² vs pos advantage (step 20): -0.3958
  h² vs pos advantage (step 40): -0.3542

  解釈:
    h² < pos (早期) → SM は位置を損失なく追跡できていない
