実行ディレクトリ : /work/my_research/step2/results/mg_20260601_201025
デバイス         : cuda
Q_SCALE          : 50.0
MG_HIDDEN        : 64
LR_ENCODER       : 1e-05  (VisionEncoder)
LR_NEW           : 0.0001  (LSTM / MG / ValueEstimator など)
EPISODES         : 1000
保存先           : /work/my_research/step2/results/mg_20260601_201025/model_mg.pth

パラメータ数:
  VisionEncoder  : 189,984  (lr=1e-05)
  LSTM など新規  : 330,230  (lr=0.0001)
  合計           : 520,214

=== train_step2_mg 学習開始 ===

Episode    50/1000 | 平均Loss=0.11527 | MG出力重みL2=1.7903 | Φ_s重みL2=9.6109
Episode   100/1000 | 平均Loss=0.03902 | MG出力重みL2=1.7721 | Φ_s重みL2=9.7919
Episode   150/1000 | 平均Loss=0.02664 | MG出力重みL2=1.7562 | Φ_s重みL2=10.0341
Episode   200/1000 | 平均Loss=0.02658 | MG出力重みL2=1.7369 | Φ_s重みL2=10.2737
Episode   250/1000 | 平均Loss=0.02398 | MG出力重みL2=1.7147 | Φ_s重みL2=10.5470
Episode   300/1000 | 平均Loss=0.02363 | MG出力重みL2=1.7094 | Φ_s重みL2=10.7638
Episode   350/1000 | 平均Loss=0.02234 | MG出力重みL2=1.7014 | Φ_s重みL2=11.0200
Episode   400/1000 | 平均Loss=0.02153 | MG出力重みL2=1.6971 | Φ_s重みL2=11.2297
Episode   450/1000 | 平均Loss=0.02134 | MG出力重みL2=1.6932 | Φ_s重みL2=11.4870
Episode   500/1000 | 平均Loss=0.02119 | MG出力重みL2=1.6876 | Φ_s重みL2=11.6708
Episode   550/1000 | 平均Loss=0.01944 | MG出力重みL2=1.7046 | Φ_s重みL2=11.8360
Episode   600/1000 | 平均Loss=0.02021 | MG出力重みL2=1.6778 | Φ_s重みL2=11.9611
Episode   650/1000 | 平均Loss=0.01951 | MG出力重みL2=1.6813 | Φ_s重みL2=12.1052
Episode   700/1000 | 平均Loss=0.01838 | MG出力重みL2=1.6870 | Φ_s重みL2=12.3049
Episode   750/1000 | 平均Loss=0.01749 | MG出力重みL2=1.6836 | Φ_s重みL2=12.4289
Episode   800/1000 | 平均Loss=0.02072 | MG出力重みL2=1.6758 | Φ_s重みL2=12.5413
Episode   850/1000 | 平均Loss=0.01665 | MG出力重みL2=1.6913 | Φ_s重みL2=12.7181
Episode   900/1000 | 平均Loss=0.02014 | MG出力重みL2=1.7057 | Φ_s重みL2=12.8244
Episode   950/1000 | 平均Loss=0.01968 | MG出力重みL2=1.7045 | Φ_s重みL2=13.0240
Episode  1000/1000 | 平均Loss=0.01706 | MG出力重みL2=1.7245 | Φ_s重みL2=13.1333

学習完了。保存: /work/my_research/step2/results/mg_20260601_201025/model_mg.pth
最終平均Loss    : 0.017064
MG出力重みL2ノルム: 1.7245
Φ_s LSTM重みL2ノルム: 13.1333
