1, 35.200705
2, 30.250508
3, 26.629270
4, 30.100293
5, 24.801124
6, 25.488650
7, 36.964638
8, 36.859963
9, 33.980741
10, 32.021357
11, 30.398692
12, 30.495582
13, 31.295247
14, 31.991687
15, 30.379292
16, 29.072372
17, 32.588574
18, 30.514714
19, 29.103729
20, 40.967045
21, 39.391016
22, 35.448050
23, 36.416842
24, 35.114502
25, 34.422551
26, 33.904242
27, 33.449530
28, 32.940701
29, 32.581234
30, 31.506896
31, 31.257830
32, 32.419909
33, 30.778243
34, 30.176377
35, 30.163594
36, 30.604416
37, 29.998433
38, 29.648858
39, 29.545427
40, 30.395991
41, 29.849385
42, 31.148708
43, 32.374129
44, 31.533170
45, 30.974320
46, 30.747791
47, 30.493103
48, 30.851442
49, 30.189984
50, 29.909883
51, 29.794334
52, 29.498769
53, 29.663801
54, 32.799844
55, 30.230616
56, 29.219303
57, 29.288854
58, 29.618509
59, 30.044757
60, 29.647559
61, 29.316867
62, 29.224826
63, 29.510245
64, 29.730921
65, 29.071666
66, 29.969736
67, 29.208215
68, 32.588362
69, 32.626935
70, 31.505483
71, 30.859242
72, 30.604193
73, 30.513377
74, 30.350231
75, 30.193205
76, 29.353298
77, 29.440070
78, 29.499814
79, 29.734314
80, 29.568054
81, 30.478374
82, 30.248703
83, 29.903539
84, 30.237836
85, 31.419806
86, 30.770309
87, 30.185623
88, 29.734243
89, 29.735812
90, 30.311801
91, 30.718297
92, 29.558979
93, 29.732963
94, 29.663926
95, 29.743519
96, 30.372974
97, 31.945275
98, 30.154921
99, 29.436337
100, 29.863014
101, 29.514497
102, 29.741478
103, 29.575706
104, 29.638908
105, 29.908680
106, 31.394376
107, 29.984079
108, 30.668140
109, 30.457831
110, 30.270808
111, 30.119191
112, 30.185169
113, 30.432093
114, 31.696437
115, 30.719343
116, 30.704712
117, 30.035540
118, 29.389863
119, 30.602602
120, 30.626802
121, 30.077285
122, 30.791228
123, 31.433006
124, 30.805914
125, 30.104195
126, 29.725978
127, 29.920156
128, 31.570330
129, 31.033006
130, 30.773613
131, 30.844733
132, 32.229969
133, 30.979554
134, 29.953396
135, 29.944442
136, 30.802265
137, 30.470360
138, 30.189198
139, 30.312938
140, 30.404365
141, 30.552145
142, 30.476691
143, 30.521459
144, 30.733386
145, 30.905842
146, 30.655405
147, 30.763536
148, 31.038558
149, 30.704933
150, 30.592468
151, 30.594760
152, 30.198199
153, 30.755330
154, 30.888025
155, 30.418716
156, 30.672957
157, 30.212557
158, 29.486266
159, 29.975113
160, 30.027392
161, 30.393373
162, 30.291405
163, 29.529460
164, 29.951071
165, 30.041634
166, 30.262906
167, 30.218349
168, 30.914785
169, 30.710071
170, 31.422691
171, 30.647852
172, 30.432012
173, 30.695368
174, 30.956817
175, 30.734891
176, 30.524974
177, 30.712377
178, 31.450833
179, 30.957340
180, 30.193457
181, 30.876705
182, 31.287083
183, 30.619171
184, 30.362019
185, 30.404378
186, 30.181940
187, 30.467228
188, 30.484502
189, 30.487032
190, 30.367373
191, 30.581679
192, 30.406729
193, 30.664486
194, 30.426619
195, 29.974820
196, 29.231764
197, 30.934455
198, 30.755721
199, 30.282747
200, 30.585155
