1, 13.395560
2, 13.394623
3, 13.390573
4, 13.391902
5, 13.391278
6, 13.393635
7, 13.397881
8, 13.394325
9, 13.392088
10, 13.392524
11, 13.391132
12, 13.390554
13, 13.399918
14, 13.390523
15, 13.393554
16, 13.394277
17, 13.390227
18, 13.393338
19, 13.390500
20, 13.393959
21, 13.392413
22, 13.402556
23, 13.396677
24, 13.393970
25, 13.391972
26, 13.386373
27, 13.388706
28, 13.395678
29, 13.400103
30, 13.394074
31, 13.402633
32, 13.393382
33, 13.401780
34, 13.398155
35, 13.388816
36, 13.399176
37, 13.389666
38, 13.403261
39, 13.392709
40, 13.394794
41, 13.403259
42, 13.398348
43, 13.392970
44, 13.391444
45, 13.394726
46, 13.397586
47, 13.395383
48, 13.396795
49, 13.394358
50, 13.389316
51, 13.391543
52, 13.397617
53, 13.399135
54, 13.399868
55, 13.392962
56, 13.394850
57, 13.394253
58, 13.394978
59, 13.398378
60, 13.396251
61, 13.389657
62, 13.391107
63, 13.395006
64, 13.400125
65, 13.396605
66, 13.384511
67, 13.401550
68, 13.384833
69, 13.388965
70, 13.393635
71, 13.388491
72, 13.396597
73, 13.394471
74, 13.388639
75, 13.389968
76, 13.389118
77, 13.388214
78, 13.401326
79, 13.387404
80, 13.393938
81, 13.390427
82, 13.382297
83, 13.394562
84, 13.393819
85, 13.393072
86, 13.395705
87, 13.388945
88, 13.391519
89, 13.393380
90, 13.396259
91, 13.385801
92, 13.392463
93, 13.393138
94, 13.397704
95, 13.392093
96, 13.396252
97, 13.397509
98, 13.387758
99, 13.399545
100, 13.391373
101, 13.397261
102, 13.395280
103, 13.395972
104, 13.388470
105, 13.390564
106, 13.387091
107, 13.397098
108, 13.395586
109, 13.399907
110, 13.396440
111, 13.390457
112, 13.390050
113, 13.393787
114, 13.397021
115, 13.397711
116, 13.391274
117, 13.396193
118, 13.403468
119, 13.395794
120, 13.391698
121, 13.401310
122, 13.387899
123, 13.393230
124, 13.396168
125, 13.394271
126, 13.393653
127, 13.400856
128, 13.388573
129, 13.392342
130, 13.396169
131, 13.399310
132, 13.389235
133, 13.390270
134, 13.391170
135, 13.395981
136, 13.400857
137, 13.389976
138, 13.390622
139, 13.395063
140, 13.397541
141, 13.389707
142, 13.392813
143, 13.387841
144, 13.393686
145, 13.394253
146, 13.397704
147, 13.395485
148, 13.389426
149, 13.390005
150, 13.390743
151, 13.399996
152, 13.390467
153, 13.402367
154, 13.398807
155, 13.392441
156, 13.393982
157, 13.397092
158, 13.395954
159, 13.387027
160, 13.400275
161, 13.399452
162, 13.388492
163, 13.398107
164, 13.398197
165, 13.398268
166, 13.395664
167, 13.401523
168, 13.389800
169, 13.394964
170, 13.394634
171, 13.398659
172, 13.388389
173, 13.393563
174, 13.389798
175, 13.392150
176, 13.392273
177, 13.382387
178, 13.389786
179, 13.391007
180, 13.400028
181, 13.390656
182, 13.392915
183, 13.397052
184, 13.398450
185, 13.391524
186, 13.395095
187, 13.387635
188, 13.397958
189, 13.393650
190, 13.393659
191, 13.395086
192, 13.396216
193, 13.387613
194, 13.402283
195, 13.390149
196, 13.389728
197, 13.391621
198, 13.387350
199, 13.392539
200, 13.394902
