1, 12.029240
2, 11.247623
3, 11.165264
4, 11.234225
5, 11.146347
6, 11.120547
7, 11.278031
8, 11.150041
9, 11.084046
10, 11.029912
11, 10.979240
12, 10.952350
13, 10.963285
14, 10.955805
15, 10.900011
16, 10.895603
17, 10.975819
18, 10.902376
19, 10.868547
20, 11.453216
21, 11.038371
22, 11.008559
23, 11.068506
24, 10.900945
25, 10.870317
26, 10.860454
27, 10.851947
28, 10.868725
29, 10.877893
30, 10.836163
31, 10.837718
32, 10.875504
33, 10.805748
34, 10.812792
35, 10.880243
36, 10.910620
37, 10.838255
38, 10.830032
39, 10.812176
40, 10.797264
41, 10.786875
42, 10.828188
43, 10.904154
44, 10.810114
45, 10.767717
46, 10.774797
47, 10.764897
48, 10.763860
49, 10.743963
50, 10.745869
51, 10.736788
52, 10.713110
53, 10.761736
54, 10.897291
55, 10.763846
56, 10.717298
57, 10.706095
58, 10.711173
59, 10.781337
60, 10.725399
61, 10.702181
62, 10.698991
63, 10.679122
64, 10.685159
65, 10.693581
66, 10.690041
67, 10.694328
68, 10.836015
69, 10.714439
70, 10.690969
71, 10.663994
72, 10.664273
73, 10.666486
74, 10.665319
75, 10.658548
76, 10.658828
77, 10.647523
78, 10.641804
79, 10.641925
80, 10.647658
81, 10.666936
82, 10.636904
83, 10.639880
84, 10.631168
85, 10.669690
86, 10.630905
87, 10.603974
88, 10.614803
89, 10.620387
90, 10.621910
91, 10.661986
92, 10.606758
93, 10.619592
94, 10.608024
95, 10.582196
96, 10.634936
97, 10.772083
98, 10.758466
99, 10.657922
100, 10.627533
101, 10.583143
102, 10.591511
103, 10.598355
104, 10.581662
105, 10.672872
106, 10.697253
107, 10.680166
108, 10.602145
109, 10.583198
110, 10.574442
111, 10.621790
112, 10.646269
113, 10.581680
114, 10.604058
115, 10.570388
116, 10.569720
117, 10.575472
118, 10.571707
119, 10.643010
120, 10.604411
121, 10.553767
122, 10.575135
123, 10.578434
124, 10.559615
125, 10.557426
126, 10.544743
127, 10.541812
128, 10.604214
129, 10.575270
130, 10.556880
131, 10.581312
132, 10.944062
133, 10.741627
134, 10.631827
135, 10.593309
136, 10.586115
137, 10.558310
138, 10.552583
139, 10.546792
140, 10.528153
141, 10.548014
142, 10.544157
143, 10.539296
144, 10.525630
145, 10.533567
146, 10.520021
147, 10.531361
148, 10.525223
149, 10.511583
150, 10.516823
151, 10.509475
152, 10.521908
153, 10.521655
154, 10.547681
155, 10.563544
156, 10.534779
157, 10.705615
158, 10.558286
159, 10.518485
160, 10.534865
161, 10.526603
162, 10.500058
163, 10.518696
164, 10.531044
165, 10.510836
166, 10.506089
167, 10.503593
168, 10.491209
169, 10.564270
170, 10.540697
171, 10.508123
172, 10.481748
173, 10.530810
174, 10.562331
175, 10.530623
176, 10.516684
177, 10.489856
178, 10.630064
179, 10.578961
180, 10.517650
181, 10.494945
182, 10.549901
183, 10.526291
184, 10.501831
185, 10.511327
186, 10.497702
187, 10.477834
188, 10.484515
189, 10.471853
190, 10.491995
191, 10.490749
192, 10.523558
193, 10.475846
194, 10.471411
195, 10.555241
196, 10.507287
197, 10.533221
198, 10.479814
199, 10.474923
200, 10.495843
