[fig5v6] Thu Oct  8 05:10:38 UTC 2026 train Autoencoder fig5_v6_base 100ep
[fig5v6] train rc=0 last=00100.pth
[fig5v6] verify encoder in saved checkpoints (frozen -> must equal v6 S3/S2)
v6_s3_base_l1 ep200 vs v6_s2_base_mse ep400 encoder/share_lns: ALL EQUAL (22 tensors)
--- fig5_v6_base saved ep0: 22 encoder/share_lns tensors ---
  vs v6_s3_base_l1 ep200: 22/22 torch.equal, ref has 22 keys, missing-in-ref=0 -> ALL EQUAL
  vs v6_s2_base_mse ep400: 22/22 torch.equal, ref has 22 keys, missing-in-ref=0 -> ALL EQUAL
--- fig5_v6_base saved ep10: 22 encoder/share_lns tensors ---
  vs v6_s3_base_l1 ep200: 22/22 torch.equal, ref has 22 keys, missing-in-ref=0 -> ALL EQUAL
  vs v6_s2_base_mse ep400: 22/22 torch.equal, ref has 22 keys, missing-in-ref=0 -> ALL EQUAL
--- fig5_v6_base saved ep100: 22 encoder/share_lns tensors ---
  vs v6_s3_base_l1 ep200: 22/22 torch.equal, ref has 22 keys, missing-in-ref=0 -> ALL EQUAL
  vs v6_s2_base_mse ep400: 22/22 torch.equal, ref has 22 keys, missing-in-ref=0 -> ALL EQUAL

RESULT: PASS
/dev/sdb1       894G  735G  160G  83% /work
[fig5v6] Thu Oct  8 09:11:35 UTC 2026 grid test ep10
[fig5v6] test ep10 rc=0
[fig5v6] Thu Oct  8 09:14:45 UTC 2026 grid test ep100
[fig5v6] test ep100 rc=0
[fig5v6] vpt ep10 rc=0
[fig5v6] === ep10 result ===
self_true_and_self_rec: mean: 0.072866, std: 0.031236
other_true_and_other_rec: mean: 0.141631, std: 0.046204
self_true_and_other_rec: mean: 0.137529, std: 0.051620
other_true_and_self_rec: mean: 0.154947, std: 0.041116

self_true_and_self_rec - self_true_and_self_rec: t: 0.000000, p: 1.000000
self_true_and_self_rec - other_true_and_other_rec: t: -445.096626, p: 0.000000
self_true_and_self_rec - self_true_and_other_rec: t: -386.897849, p: 0.000000
self_true_and_self_rec - other_true_and_self_rec: t: -573.852578, p: 0.000000
other_true_and_other_rec - self_true_and_self_rec: t: 445.096626, p: 0.000000
other_true_and_other_rec - other_true_and_other_rec: t: 0.000000, p: 1.000000
other_true_and_other_rec - self_true_and_other_rec: t: 21.370878, p: 0.000000
other_true_and_other_rec - other_true_and_self_rec: t: -77.721032, p: 0.000000
self_true_and_other_rec - self_true_and_self_rec: t: 386.897849, p: 0.000000
self_true_and_other_rec - other_true_and_other_rec: t: -21.370878, p: 0.000000
self_true_and_other_rec - self_true_and_other_rec: t: 0.000000, p: 1.000000
self_true_and_other_rec - other_true_and_self_rec: t: -95.275319, p: 0.000000
other_true_and_self_rec - self_true_and_self_rec: t: 573.852578, p: 0.000000
other_true_and_self_rec - other_true_and_other_rec: t: 77.721032, p: 0.000000
other_true_and_self_rec - self_true_and_other_rec: t: 95.275319, p: 0.000000
other_true_and_self_rec - other_true_and_self_rec: t: 0.000000, p: 1.000000
[fig5v6] vpt ep100 rc=0
[fig5v6] === ep100 result ===
self_true_and_self_rec: mean: 0.076490, std: 0.033868
other_true_and_other_rec: mean: 0.137024, std: 0.042308
self_true_and_other_rec: mean: 0.132837, std: 0.048509
other_true_and_self_rec: mean: 0.160107, std: 0.041343

self_true_and_self_rec - self_true_and_self_rec: t: 0.000000, p: 1.000000
self_true_and_self_rec - other_true_and_other_rec: t: -403.231883, p: 0.000000
self_true_and_self_rec - self_true_and_other_rec: t: -343.820581, p: 0.000000
self_true_and_self_rec - other_true_and_self_rec: t: -564.805936, p: 0.000000
other_true_and_other_rec - self_true_and_self_rec: t: 403.231883, p: 0.000000
other_true_and_other_rec - other_true_and_other_rec: t: 0.000000, p: 1.000000
other_true_and_other_rec - self_true_and_other_rec: t: 23.487004, p: 0.000000
other_true_and_other_rec - other_true_and_self_rec: t: -140.864016, p: 0.000000
self_true_and_other_rec - self_true_and_self_rec: t: 343.820581, p: 0.000000
self_true_and_other_rec - other_true_and_other_rec: t: -23.487004, p: 0.000000
self_true_and_other_rec - self_true_and_other_rec: t: 0.000000, p: 1.000000
self_true_and_other_rec - other_true_and_self_rec: t: -154.456026, p: 0.000000
other_true_and_self_rec - self_true_and_self_rec: t: 564.805936, p: 0.000000
other_true_and_self_rec - other_true_and_other_rec: t: 140.864016, p: 0.000000
other_true_and_self_rec - self_true_and_other_rec: t: 154.456026, p: 0.000000
other_true_and_self_rec - other_true_and_self_rec: t: 0.000000, p: 1.000000
-rw-r--r-- 1 root root 14344942808 Oct  8 09:17 data/result/fig5_v6_base/0/test/grid_recon/save/saved.h5
/dev/sdb1       894G  749G  146G  84% /work
[fig5v6] DONE Thu Oct  8 09:22:06 UTC 2026
