Device: cuda  Seed: 1  sampling=named  episodes=2000  tag=condA
Env: learner = env.other_agent (own action only, clip +-10, no random step); env.self_agent random-walks in view (collect_data_v7.py layout)
FiLM=True  relabel=False  MEMORY_SIZE=50000  TARGET_ENTROPY=-2.0
  ep    0 | avg_reward(50ep): 2.770 | alpha: 0.9931 | named/two-point share(50ep): 1.00 | last r=[1. 0. 0. 1.] (Mtop)
  ep   50 | avg_reward(50ep): 2.478 | alpha: 0.6022 | named/two-point share(50ep): 1.00 | last r=[0. 1. 1. 0.] (Mbottom)
  ep  100 | avg_reward(50ep): 4.501 | alpha: 0.3653 | named/two-point share(50ep): 1.00 | last r=[0. 0. 1. 1.] (Mright)
  ep  150 | avg_reward(50ep): 1.929 | alpha: 0.2216 | named/two-point share(50ep): 1.00 | last r=[ 0.  0.  1. -1.] (Blue)
  ep  200 | avg_reward(50ep): 3.721 | alpha: 0.1346 | named/two-point share(50ep): 1.00 | last r=[1. 1. 0. 0.] (Mleft)
  ep  250 | avg_reward(50ep): 1.546 | alpha: 0.0822 | named/two-point share(50ep): 1.00 | last r=[0. 1. 1. 0.] (Mbottom)
  ep  300 | avg_reward(50ep): 2.365 | alpha: 0.0499 | named/two-point share(50ep): 1.00 | last r=[ 0.  0. -1.  1.] (Cyan)
  ep  350 | avg_reward(50ep): 3.125 | alpha: 0.0306 | named/two-point share(50ep): 0.98 | last r=[1. 1. 0. 0.] (Mleft)
  ep  400 | avg_reward(50ep): 3.023 | alpha: 0.0188 | named/two-point share(50ep): 0.88 | last r=[ 0.512 -0.123  0.494  0.872] (range)
  ep  450 | avg_reward(50ep): 2.802 | alpha: 0.0117 | named/two-point share(50ep): 0.76 | last r=[0. 0. 1. 1.] (Mright)
  ep  500 | avg_reward(50ep): 4.397 | alpha: 0.0073 | named/two-point share(50ep): 0.84 | last r=[0. 1. 1. 0.] (Mbottom)
  ep  550 | avg_reward(50ep): 5.769 | alpha: 0.0046 | named/two-point share(50ep): 0.64 | last r=[0.608 0.124 0.726 0.541] (range)
  ep  600 | avg_reward(50ep): 5.513 | alpha: 0.0030 | named/two-point share(50ep): 0.58 | last r=[0.145 0.299 1.5   0.056] (range)
  ep  650 | avg_reward(50ep): 7.517 | alpha: 0.0021 | named/two-point share(50ep): 0.60 | last r=[-0.47   0.52  -0.521  0.489] (range)
  ep  700 | avg_reward(50ep): 6.298 | alpha: 0.0022 | named/two-point share(50ep): 0.40 | last r=[-0.815  0.396  0.63  -0.158] (range)
  ep  750 | avg_reward(50ep): 7.669 | alpha: 0.0026 | named/two-point share(50ep): 0.46 | last r=[0. 1. 1. 0.] (Mbottom)
  ep  800 | avg_reward(50ep): 7.522 | alpha: 0.0027 | named/two-point share(50ep): 0.48 | last r=[ 0.433 -0.246 -0.63  -0.691] (range)
  ep  850 | avg_reward(50ep): 9.744 | alpha: 0.0028 | named/two-point share(50ep): 0.62 | last r=[1. 0. 0. 1.] (Mtop)
  ep  900 | avg_reward(50ep): 9.044 | alpha: 0.0030 | named/two-point share(50ep): 0.44 | last r=[-0.327  0.549 -0.543  0.581] (range)
  ep  950 | avg_reward(50ep): 8.192 | alpha: 0.0025 | named/two-point share(50ep): 0.38 | last r=[ 0.  0. -1.  1.] (Cyan)
  ep 1000 | avg_reward(50ep): 9.404 | alpha: 0.0020 | named/two-point share(50ep): 0.44 | last r=[-0.285 -0.609  0.861  0.245] (range)
  ep 1050 | avg_reward(50ep): 6.836 | alpha: 0.0018 | named/two-point share(50ep): 0.30 | last r=[-0.777  0.108 -0.461  0.653] (range)
  ep 1100 | avg_reward(50ep): 9.317 | alpha: 0.0019 | named/two-point share(50ep): 0.48 | last r=[ 0.391  0.252 -0.544 -0.813] (range)
  ep 1150 | avg_reward(50ep): 10.323 | alpha: 0.0022 | named/two-point share(50ep): 0.52 | last r=[ 0.  0. -1.  1.] (Cyan)
  ep 1200 | avg_reward(50ep): 9.721 | alpha: 0.0022 | named/two-point share(50ep): 0.60 | last r=[-1.  1.  0.  0.] (Green)
  ep 1250 | avg_reward(50ep): 10.386 | alpha: 0.0025 | named/two-point share(50ep): 0.56 | last r=[ 0.  0.  1. -1.] (Blue)
  ep 1300 | avg_reward(50ep): 9.621 | alpha: 0.0027 | named/two-point share(50ep): 0.48 | last r=[0. 0. 1. 1.] (Mright)
  ep 1350 | avg_reward(50ep): 9.641 | alpha: 0.0029 | named/two-point share(50ep): 0.48 | last r=[1. 0. 0. 1.] (Mtop)
  ep 1400 | avg_reward(50ep): 11.327 | alpha: 0.0032 | named/two-point share(50ep): 0.54 | last r=[0. 1. 1. 0.] (Mbottom)
  ep 1450 | avg_reward(50ep): 9.991 | alpha: 0.0029 | named/two-point share(50ep): 0.44 | last r=[ 0.215  1.104 -0.276 -0.405] (range)
  ep 1500 | avg_reward(50ep): 9.977 | alpha: 0.0028 | named/two-point share(50ep): 0.50 | last r=[0. 1. 1. 0.] (Mbottom)
  ep 1550 | avg_reward(50ep): 12.136 | alpha: 0.0030 | named/two-point share(50ep): 0.64 | last r=[1. 1. 0. 0.] (Mleft)
  ep 1600 | avg_reward(50ep): 9.411 | alpha: 0.0034 | named/two-point share(50ep): 0.46 | last r=[ 0.  0. -1.  1.] (Cyan)
  ep 1650 | avg_reward(50ep): 9.811 | alpha: 0.0036 | named/two-point share(50ep): 0.56 | last r=[-0.954 -0.646  0.306  0.093] (range)
  ep 1700 | avg_reward(50ep): 10.872 | alpha: 0.0036 | named/two-point share(50ep): 0.60 | last r=[ 0.  0. -1.  1.] (Cyan)
  ep 1750 | avg_reward(50ep): 9.268 | alpha: 0.0033 | named/two-point share(50ep): 0.44 | last r=[-0.427  0.469  0.997 -0.107] (range)
  ep 1800 | avg_reward(50ep): 9.481 | alpha: 0.0033 | named/two-point share(50ep): 0.48 | last r=[ 0.386  0.845 -0.12  -0.649] (range)
  ep 1850 | avg_reward(50ep): 8.243 | alpha: 0.0035 | named/two-point share(50ep): 0.52 | last r=[ 0.  0.  1. -1.] (Blue)
  ep 1900 | avg_reward(50ep): 9.620 | alpha: 0.0034 | named/two-point share(50ep): 0.42 | last r=[ 1.019 -0.328  0.456 -0.197] (range)
  ep 1950 | avg_reward(50ep): 9.779 | alpha: 0.0035 | named/two-point share(50ep): 0.44 | last r=[-0.606  0.417  0.361 -0.617] (range)
r label counts over training: {'Blue': 140, 'Cyan': 149, 'Green': 166, 'Mbottom': 140, 'Mleft': 151, 'Mright': 153, 'Mtop': 163, 'Red': 167, 'range': 771}
Saved: /work/my_research/preference_inference/data/model/v7/v7_rl_actor_seed1_condA.pth
Saved: /work/my_research/preference_inference/data/model/v7/v7_rl_critic_seed1_condA.pth
