Device: cuda  Seed: 2  sampling=named  episodes=2000  tag=condA
Env: learner = env.other_agent (own action only, clip +-10, no random step); env.self_agent random-walks in view (collect_data_v7.py layout)
FiLM=True  relabel=False  MEMORY_SIZE=50000  TARGET_ENTROPY=-2.0
  ep    0 | avg_reward(50ep): 9.913 | alpha: 0.9931 | named/two-point share(50ep): 1.00 | last r=[1. 1. 0. 0.] (Mleft)
  ep   50 | avg_reward(50ep): 2.444 | alpha: 0.6023 | named/two-point share(50ep): 1.00 | last r=[0. 0. 1. 1.] (Mright)
  ep  100 | avg_reward(50ep): 1.924 | alpha: 0.3654 | named/two-point share(50ep): 1.00 | last r=[0. 1. 1. 0.] (Mbottom)
  ep  150 | avg_reward(50ep): 2.844 | alpha: 0.2216 | named/two-point share(50ep): 1.00 | last r=[1. 1. 0. 0.] (Mleft)
  ep  200 | avg_reward(50ep): 3.436 | alpha: 0.1346 | named/two-point share(50ep): 1.00 | last r=[ 1. -1.  0.  0.] (Red)
  ep  250 | avg_reward(50ep): 2.257 | alpha: 0.0818 | named/two-point share(50ep): 1.00 | last r=[1. 1. 0. 0.] (Mleft)
  ep  300 | avg_reward(50ep): 3.360 | alpha: 0.0502 | named/two-point share(50ep): 1.00 | last r=[0. 0. 1. 1.] (Mright)
  ep  350 | avg_reward(50ep): 3.350 | alpha: 0.0305 | named/two-point share(50ep): 0.96 | last r=[ 0.  0. -1.  1.] (Cyan)
  ep  400 | avg_reward(50ep): 3.959 | alpha: 0.0187 | named/two-point share(50ep): 0.92 | last r=[1. 1. 0. 0.] (Mleft)
  ep  450 | avg_reward(50ep): 4.624 | alpha: 0.0115 | named/two-point share(50ep): 0.90 | last r=[-1.  1.  0.  0.] (Green)
  ep  500 | avg_reward(50ep): 5.690 | alpha: 0.0071 | named/two-point share(50ep): 0.72 | last r=[ 1. -1.  0.  0.] (Red)
  ep  550 | avg_reward(50ep): 6.679 | alpha: 0.0044 | named/two-point share(50ep): 0.78 | last r=[ 1. -1.  0.  0.] (Red)
  ep  600 | avg_reward(50ep): 7.898 | alpha: 0.0028 | named/two-point share(50ep): 0.66 | last r=[ 0.  0.  1. -1.] (Blue)
  ep  650 | avg_reward(50ep): 8.438 | alpha: 0.0019 | named/two-point share(50ep): 0.68 | last r=[1. 0. 0. 1.] (Mtop)
  ep  700 | avg_reward(50ep): 8.283 | alpha: 0.0016 | named/two-point share(50ep): 0.54 | last r=[-0.076  0.096  0.697 -1.131] (range)
  ep  750 | avg_reward(50ep): 6.784 | alpha: 0.0016 | named/two-point share(50ep): 0.32 | last r=[0.641 0.352 0.782 0.226] (range)
  ep  800 | avg_reward(50ep): 8.554 | alpha: 0.0018 | named/two-point share(50ep): 0.48 | last r=[-1.  1.  0.  0.] (Green)
  ep  850 | avg_reward(50ep): 8.739 | alpha: 0.0021 | named/two-point share(50ep): 0.56 | last r=[ 1. -1.  0.  0.] (Red)
  ep  900 | avg_reward(50ep): 6.795 | alpha: 0.0022 | named/two-point share(50ep): 0.34 | last r=[1. 0. 0. 1.] (Mtop)
  ep  950 | avg_reward(50ep): 10.348 | alpha: 0.0022 | named/two-point share(50ep): 0.72 | last r=[-0.203 -0.573 -0.33  -0.894] (range)
  ep 1000 | avg_reward(50ep): 9.390 | alpha: 0.0024 | named/two-point share(50ep): 0.40 | last r=[1. 1. 0. 0.] (Mleft)
  ep 1050 | avg_reward(50ep): 9.579 | alpha: 0.0025 | named/two-point share(50ep): 0.44 | last r=[-0.078  0.079 -0.676 -1.168] (range)
  ep 1100 | avg_reward(50ep): 10.613 | alpha: 0.0027 | named/two-point share(50ep): 0.52 | last r=[1. 1. 0. 0.] (Mleft)
  ep 1150 | avg_reward(50ep): 11.008 | alpha: 0.0027 | named/two-point share(50ep): 0.60 | last r=[ 0.  0.  1. -1.] (Blue)
  ep 1200 | avg_reward(50ep): 11.549 | alpha: 0.0028 | named/two-point share(50ep): 0.44 | last r=[-0.482 -0.503  0.468 -0.548] (range)
  ep 1250 | avg_reward(50ep): 9.814 | alpha: 0.0029 | named/two-point share(50ep): 0.54 | last r=[-0.512 -0.665  0.143  0.68 ] (range)
  ep 1300 | avg_reward(50ep): 9.654 | alpha: 0.0030 | named/two-point share(50ep): 0.44 | last r=[1. 1. 0. 0.] (Mleft)
  ep 1350 | avg_reward(50ep): 9.577 | alpha: 0.0032 | named/two-point share(50ep): 0.48 | last r=[ 0.  0.  1. -1.] (Blue)
  ep 1400 | avg_reward(50ep): 9.837 | alpha: 0.0033 | named/two-point share(50ep): 0.54 | last r=[-1.  1.  0.  0.] (Green)
  ep 1450 | avg_reward(50ep): 11.209 | alpha: 0.0032 | named/two-point share(50ep): 0.58 | last r=[1. 1. 0. 0.] (Mleft)
  ep 1500 | avg_reward(50ep): 10.474 | alpha: 0.0031 | named/two-point share(50ep): 0.50 | last r=[-0.196  0.768 -0.086  0.95 ] (range)
  ep 1550 | avg_reward(50ep): 9.941 | alpha: 0.0032 | named/two-point share(50ep): 0.40 | last r=[0. 1. 1. 0.] (Mbottom)
  ep 1600 | avg_reward(50ep): 9.440 | alpha: 0.0033 | named/two-point share(50ep): 0.42 | last r=[ 0.152 -0.617 -0.706 -0.525] (range)
  ep 1650 | avg_reward(50ep): 10.216 | alpha: 0.0036 | named/two-point share(50ep): 0.40 | last r=[ 0.368  0.482 -0.624 -0.526] (range)
  ep 1700 | avg_reward(50ep): 9.788 | alpha: 0.0038 | named/two-point share(50ep): 0.52 | last r=[-0.558 -0.427  0.307 -0.709] (range)
  ep 1750 | avg_reward(50ep): 10.598 | alpha: 0.0041 | named/two-point share(50ep): 0.40 | last r=[-0.419  0.746 -0.489 -0.347] (range)
  ep 1800 | avg_reward(50ep): 9.870 | alpha: 0.0041 | named/two-point share(50ep): 0.46 | last r=[-0.799 -0.599  0.039  0.564] (range)
  ep 1850 | avg_reward(50ep): 11.078 | alpha: 0.0042 | named/two-point share(50ep): 0.48 | last r=[0.18  0.321 0.783 0.715] (range)
  ep 1900 | avg_reward(50ep): 10.554 | alpha: 0.0039 | named/two-point share(50ep): 0.54 | last r=[-0.396 -0.387  1.057  0.16 ] (range)
  ep 1950 | avg_reward(50ep): 10.851 | alpha: 0.0038 | named/two-point share(50ep): 0.52 | last r=[ 1. -1.  0.  0.] (Red)
r label counts over training: {'Blue': 149, 'Cyan': 165, 'Green': 141, 'Mbottom': 142, 'Mleft': 174, 'Mright': 163, 'Mtop': 160, 'Red': 137, 'range': 769}
Saved: /work/my_research/preference_inference/data/model/v7/v7_rl_actor_seed2_condA.pth
Saved: /work/my_research/preference_inference/data/model/v7/v7_rl_critic_seed2_condA.pth
