Device: cuda  Seed: 0  sampling=named  episodes=2000  tag=condA
Env: learner = env.other_agent (own action only, clip +-10, no random step); env.self_agent random-walks in view (collect_data_v7.py layout)
FiLM=True  relabel=False  MEMORY_SIZE=50000  TARGET_ENTROPY=-2.0
  ep    0 | avg_reward(50ep): 8.001 | alpha: 0.9931 | named/two-point share(50ep): 1.00 | last r=[1. 1. 0. 0.] (Mleft)
  ep   50 | avg_reward(50ep): 2.416 | alpha: 0.6023 | named/two-point share(50ep): 1.00 | last r=[ 1. -1.  0.  0.] (Red)
  ep  100 | avg_reward(50ep): 2.700 | alpha: 0.3653 | named/two-point share(50ep): 1.00 | last r=[ 1. -1.  0.  0.] (Red)
  ep  150 | avg_reward(50ep): 1.973 | alpha: 0.2216 | named/two-point share(50ep): 1.00 | last r=[-1.  1.  0.  0.] (Green)
  ep  200 | avg_reward(50ep): 2.904 | alpha: 0.1344 | named/two-point share(50ep): 1.00 | last r=[ 1. -1.  0.  0.] (Red)
  ep  250 | avg_reward(50ep): 3.242 | alpha: 0.0816 | named/two-point share(50ep): 1.00 | last r=[0. 1. 1. 0.] (Mbottom)
  ep  300 | avg_reward(50ep): 2.473 | alpha: 0.0495 | named/two-point share(50ep): 1.00 | last r=[0. 1. 1. 0.] (Mbottom)
  ep  350 | avg_reward(50ep): 3.068 | alpha: 0.0300 | named/two-point share(50ep): 0.96 | last r=[ 0.  0.  1. -1.] (Blue)
  ep  400 | avg_reward(50ep): 2.637 | alpha: 0.0182 | named/two-point share(50ep): 0.82 | last r=[-0.132  0.543  0.884 -0.44 ] (range)
  ep  450 | avg_reward(50ep): 3.284 | alpha: 0.0110 | named/two-point share(50ep): 0.86 | last r=[-1.  1.  0.  0.] (Green)
  ep  500 | avg_reward(50ep): 1.270 | alpha: 0.0067 | named/two-point share(50ep): 0.76 | last r=[0. 1. 1. 0.] (Mbottom)
  ep  550 | avg_reward(50ep): 1.487 | alpha: 0.0041 | named/two-point share(50ep): 0.74 | last r=[ 0.  0.  1. -1.] (Blue)
  ep  600 | avg_reward(50ep): 2.342 | alpha: 0.0025 | named/two-point share(50ep): 0.68 | last r=[0.061 0.05  1.016 0.873] (range)
  ep  650 | avg_reward(50ep): 0.416 | alpha: 0.0015 | named/two-point share(50ep): 0.56 | last r=[ 0.  0. -1.  1.] (Cyan)
  ep  700 | avg_reward(50ep): 1.859 | alpha: 0.0010 | named/two-point share(50ep): 0.54 | last r=[ 0.699  0.767  0.252 -0.282] (range)
  ep  750 | avg_reward(50ep): 1.147 | alpha: 0.0007 | named/two-point share(50ep): 0.54 | last r=[ 0.  0. -1.  1.] (Cyan)
  ep  800 | avg_reward(50ep): 1.741 | alpha: 0.0005 | named/two-point share(50ep): 0.50 | last r=[-0.193 -0.799  0.833  0.176] (range)
  ep  850 | avg_reward(50ep): 1.121 | alpha: 0.0004 | named/two-point share(50ep): 0.44 | last r=[ 0.649  0.616 -0.071 -0.664] (range)
  ep  900 | avg_reward(50ep): 1.810 | alpha: 0.0003 | named/two-point share(50ep): 0.70 | last r=[ 0.  0.  1. -1.] (Blue)
  ep  950 | avg_reward(50ep): 0.921 | alpha: 0.0003 | named/two-point share(50ep): 0.46 | last r=[-1.  1.  0.  0.] (Green)
  ep 1000 | avg_reward(50ep): 1.058 | alpha: 0.0003 | named/two-point share(50ep): 0.46 | last r=[ 0.63   0.411 -0.569  0.391] (range)
  ep 1050 | avg_reward(50ep): 1.649 | alpha: 0.0003 | named/two-point share(50ep): 0.52 | last r=[-0.379  0.964  0.061  0.596] (range)
  ep 1100 | avg_reward(50ep): 0.631 | alpha: 0.0003 | named/two-point share(50ep): 0.36 | last r=[1. 1. 0. 0.] (Mleft)
  ep 1150 | avg_reward(50ep): 1.744 | alpha: 0.0003 | named/two-point share(50ep): 0.52 | last r=[ 0.414 -0.313  0.368  0.905] (range)
  ep 1200 | avg_reward(50ep): 1.652 | alpha: 0.0003 | named/two-point share(50ep): 0.48 | last r=[ 0.  0.  1. -1.] (Blue)
  ep 1250 | avg_reward(50ep): 1.680 | alpha: 0.0003 | named/two-point share(50ep): 0.38 | last r=[1. 1. 0. 0.] (Mleft)
  ep 1300 | avg_reward(50ep): 1.376 | alpha: 0.0002 | named/two-point share(50ep): 0.42 | last r=[-0.333 -0.307  0.348 -1.012] (range)
  ep 1350 | avg_reward(50ep): 1.594 | alpha: 0.0003 | named/two-point share(50ep): 0.44 | last r=[-0.548  0.228 -0.602  0.622] (range)
  ep 1400 | avg_reward(50ep): 1.760 | alpha: 0.0003 | named/two-point share(50ep): 0.42 | last r=[ 0.  0. -1.  1.] (Cyan)
  ep 1450 | avg_reward(50ep): 2.423 | alpha: 0.0003 | named/two-point share(50ep): 0.56 | last r=[ 0.526 -0.671 -0.104 -0.699] (range)
  ep 1500 | avg_reward(50ep): 1.732 | alpha: 0.0003 | named/two-point share(50ep): 0.54 | last r=[0.825 0.271 0.266 0.638] (range)
  ep 1550 | avg_reward(50ep): 1.794 | alpha: 0.0003 | named/two-point share(50ep): 0.46 | last r=[ 0.005  0.698  0.658 -0.638] (range)
  ep 1600 | avg_reward(50ep): 1.861 | alpha: 0.0003 | named/two-point share(50ep): 0.42 | last r=[1. 1. 0. 0.] (Mleft)
  ep 1650 | avg_reward(50ep): 2.272 | alpha: 0.0003 | named/two-point share(50ep): 0.36 | last r=[ 0.  0. -1.  1.] (Cyan)
  ep 1700 | avg_reward(50ep): 1.124 | alpha: 0.0003 | named/two-point share(50ep): 0.54 | last r=[ 0.709  0.177 -0.865 -0.249] (range)
  ep 1750 | avg_reward(50ep): 2.378 | alpha: 0.0003 | named/two-point share(50ep): 0.50 | last r=[ 0.  0.  1. -1.] (Blue)
  ep 1800 | avg_reward(50ep): 2.290 | alpha: 0.0003 | named/two-point share(50ep): 0.50 | last r=[1. 1. 0. 0.] (Mleft)
  ep 1850 | avg_reward(50ep): 1.980 | alpha: 0.0003 | named/two-point share(50ep): 0.46 | last r=[ 0.  0.  1. -1.] (Blue)
  ep 1900 | avg_reward(50ep): 1.807 | alpha: 0.0003 | named/two-point share(50ep): 0.50 | last r=[ 0.  0.  1. -1.] (Blue)
  ep 1950 | avg_reward(50ep): 1.507 | alpha: 0.0004 | named/two-point share(50ep): 0.44 | last r=[ 0.87  -0.243  0.302 -0.585] (range)
r label counts over training: {'Blue': 134, 'Cyan': 143, 'Green': 160, 'Mbottom': 139, 'Mleft': 176, 'Mright': 142, 'Mtop': 162, 'Red': 165, 'range': 779}
Saved: /work/my_research/preference_inference/data/model/v7/v7_rl_actor_seed0_condA.pth
Saved: /work/my_research/preference_inference/data/model/v7/v7_rl_critic_seed0_condA.pth
